// Jest Snapshot v1, https://goo.gl/fbAQLP

exports[`a pagina de configuracao deve ser renderizda corretamente 1`] = `
<div>
  <section>
    <form
      class="sc-bcXHqe"
    >
      <div
        class="sc-gswNZR kjdOqP"
      >
        <input
          placeholder="Insira os nomes dos participantes"
          type="text"
          value=""
        />
        <button
          disabled=""
        >
          Adicionar
        </button>
      </div>
      
    </form>
    <ul />
    <footer
      class="sc-hLBbgP brfTnX"
    >
      <button
        class="sc-eDvSVe ksRRBT"
        disabled=""
      >
        Iniciar brincadeira
      </button>
      <img
        alt="Sacolas de compras"
        src="/imagens/sacolas.png"
      />
    </footer>
  </section>
</div>
`;
